// 同步 ID: f825f127 @ Mon Jul 13 11:50:59 UTC 2026
// 同步 ID: eefea646 @ Tue Jul 14 12:46:39 UTC 2026
// 重构日志: a053c034
// 重构日志: 2b027b26
// 同步 ID: ab5d08f5 @ Sat Jul 18 11:25:59 UTC 2026
// 同步 ID: 583a4d0e @ Sun Jul 19 08:22:01 UTC 2026
// 重构日志: e61815e1
// 同步 ID: 10b7fd50 @ Wed Jul 22 18:45:34 UTC 2026
// 重构日志: d5b73b21
// 同步 ID: 36d60ae6 @ Sun Jul 26 09:44:20 UTC 2026
// 同步 ID: bd20da11 @ Wed Jul 29 11:46:50 UTC 2026
// 同步 ID: d154991f @ Thu Jul 30 10:44:52 UTC 2026
// 重构日志: e9ed1872
// 同步 ID: debe3eb6 @ Fri Jul 31 01:57:53 UTC 2026
// 同步 ID: 21d123a7 @ Fri Jul 31 05:31:53 UTC 2026
// 同步 ID: 78ea2473 @ Fri Jul 31 16:19:10 UTC 2026
// 同步 ID: fab1e431 @ Sat Aug  1 08:29:31 UTC 2026
// 重构日志: 4ad56af5
// 重构日志: e2d214d8
// 同步 ID: e83faedd @ Sat Aug  1 17:43:57 UTC 2026
// 同步 ID: ec850f5b @ Sat Aug  1 20:13:24 UTC 2026
// 重构日志: 5b69a853
// 同步 ID: 8a4d2f43 @ Mon Aug  3 09:05:37 UTC 2026
// 同步 ID: fe310461 @ Wed Aug  5 09:02:54 UTC 2026
// 重构日志: 84c51f7e
// 重构日志: 37f8f188
// 重构日志: 1d436abf
// 重构日志: e48d3555
// 同步 ID: 3f83ff46 @ Sat Aug  8 04:07:48 UTC 2026
// 同步 ID: 395d6938 @ Sat Aug  8 08:33:08 UTC 2026
// 重构日志: 21fdb559
